// Jest Snapshot v1, https://goo.gl/fbAQLP

exports[`Details component test should render 1`] = `
Object {
  "asFragment": [Function],
  "baseElement": <body>
    <div>
      <div
        class="details-container"
      >
        <a
          aria-current="page"
          class="arrow-back active"
          href="/"
        >
          <svg
            aria-hidden="true"
            class="MuiSvgIcon-root MuiSvgIcon-fontSizeMedium css-i4bv87-MuiSvgIcon-root"
            data-testid="ArrowBackIcon"
            focusable="false"
            viewBox="0 0 24 24"
          >
            <path
              d="M20 11H7.83l5.59-5.59L12 4l-8 8 8 8 1.41-1.41L7.83 13H20v-2z"
            />
          </svg>
        </a>
        <img
          alt="flag"
          class="detail-image"
        />
        <div
          class="country-wrapper"
        >
          <h1
            class="country-name"
          />
          <ul
            class="country-details"
            data-testid="country-details"
          >
            <li
              class="detail"
            >
              <span
                class="today-cases"
              >
                Today Cases:
              </span>
              <span />
            </li>
            <li
              class="detail"
            >
              <span
                class="total-cases"
              >
                Total Cases:
              </span>
              <span />
            </li>
            <li
              class="detail"
            >
              <span
                class="today-deaths"
              >
                Today Deaths:
              </span>
              <span />
            </li>
            <li
              class="detail"
            >
              <span
                class="total-deaths"
              >
                Total Deaths:
              </span>
              <span />
            </li>
            <li
              class="detail"
            >
              <span>
                Country Population:
              </span>
              <span />
            </li>
          </ul>
        </div>
      </div>
      ,
    </div>
  </body>,
  "container": <div>
    <div
      class="details-container"
    >
      <a
        aria-current="page"
        class="arrow-back active"
        href="/"
      >
        <svg
          aria-hidden="true"
          class="MuiSvgIcon-root MuiSvgIcon-fontSizeMedium css-i4bv87-MuiSvgIcon-root"
          data-testid="ArrowBackIcon"
          focusable="false"
          viewBox="0 0 24 24"
        >
          <path
            d="M20 11H7.83l5.59-5.59L12 4l-8 8 8 8 1.41-1.41L7.83 13H20v-2z"
          />
        </svg>
      </a>
      <img
        alt="flag"
        class="detail-image"
      />
      <div
        class="country-wrapper"
      >
        <h1
          class="country-name"
        />
        <ul
          class="country-details"
          data-testid="country-details"
        >
          <li
            class="detail"
          >
            <span
              class="today-cases"
            >
              Today Cases:
            </span>
            <span />
          </li>
          <li
            class="detail"
          >
            <span
              class="total-cases"
            >
              Total Cases:
            </span>
            <span />
          </li>
          <li
            class="detail"
          >
            <span
              class="today-deaths"
            >
              Today Deaths:
            </span>
            <span />
          </li>
          <li
            class="detail"
          >
            <span
              class="total-deaths"
            >
              Total Deaths:
            </span>
            <span />
          </li>
          <li
            class="detail"
          >
            <span>
              Country Population:
            </span>
            <span />
          </li>
        </ul>
      </div>
    </div>
    ,
  </div>,
  "debug": [Function],
  "findAllByAltText": [Function],
  "findAllByDisplayValue": [Function],
  "findAllByLabelText": [Function],
  "findAllByPlaceholderText": [Function],
  "findAllByRole": [Function],
  "findAllByTestId": [Function],
  "findAllByText": [Function],
  "findAllByTitle": [Function],
  "findByAltText": [Function],
  "findByDisplayValue": [Function],
  "findByLabelText": [Function],
  "findByPlaceholderText": [Function],
  "findByRole": [Function],
  "findByTestId": [Function],
  "findByText": [Function],
  "findByTitle": [Function],
  "getAllByAltText": [Function],
  "getAllByDisplayValue": [Function],
  "getAllByLabelText": [Function],
  "getAllByPlaceholderText": [Function],
  "getAllByRole": [Function],
  "getAllByTestId": [Function],
  "getAllByText": [Function],
  "getAllByTitle": [Function],
  "getByAltText": [Function],
  "getByDisplayValue": [Function],
  "getByLabelText": [Function],
  "getByPlaceholderText": [Function],
  "getByRole": [Function],
  "getByTestId": [Function],
  "getByText": [Function],
  "getByTitle": [Function],
  "queryAllByAltText": [Function],
  "queryAllByDisplayValue": [Function],
  "queryAllByLabelText": [Function],
  "queryAllByPlaceholderText": [Function],
  "queryAllByRole": [Function],
  "queryAllByTestId": [Function],
  "queryAllByText": [Function],
  "queryAllByTitle": [Function],
  "queryByAltText": [Function],
  "queryByDisplayValue": [Function],
  "queryByLabelText": [Function],
  "queryByPlaceholderText": [Function],
  "queryByRole": [Function],
  "queryByTestId": [Function],
  "queryByText": [Function],
  "queryByTitle": [Function],
  "rerender": [Function],
  "unmount": [Function],
}
`;
